// Jest Snapshot v1, https://goo.gl/fbAQLP

exports[`SignUpElder should match the snapshot 1`] = `
ShallowWrapper {
  Symbol(enzyme.__root__): [Circular],
  Symbol(enzyme.__unrendered__): <SignUpElder />,
  Symbol(enzyme.__renderer__): Object {
    "batchedUpdates": [Function],
    "getNode": [Function],
    "render": [Function],
    "simulateError": [Function],
    "simulateEvent": [Function],
    "unmount": [Function],
  },
  Symbol(enzyme.__node__): Object {
    "instance": null,
    "key": undefined,
    "nodeType": "host",
    "props": Object {
      "children": Array [
        <input
          className="signup-first-name signup-input"
          name="firstName"
          onChange={[Function]}
          placeholder="First Name"
          value=""
/>,
        <input
          className="signup-last-name, signup-input"
          name="lastName"
          onChange={[Function]}
          placeholder="Last Name"
          value=""
/>,
        <input
          className="signup-email-address signup-input"
          name="email"
          onChange={[Function]}
          placeholder="Email Address"
          value=""
/>,
        <input
          className="signup-password signup-input"
          name="password"
          onChange={[Function]}
          placeholder="Password"
          value=""
/>,
        <section
          className="signup-phone-section"
>
          <input
                    className="signup-phoneNumber signup-input"
                    name="phoneNumber"
                    onChange={[Function]}
                    placeholder="Phone Number"
                    style={
                              Object {
                                        "marginLeft": "0px",
                                      }
                    }
                    value=""
          />
          <button
                    className="phone-test-btn"
                    isDisabled={true}
                    onClick={[Function]}
          >
                    Test
          </button>
</section>,
        <input
          className="signup-carer-name signup-input"
          name="contactName"
          onChange={[Function]}
          placeholder="Carer Contact Name"
          value=""
/>,
        <input
          className="signup-carer-phone signup-input"
          name="contactPhone"
          onChange={[Function]}
          placeholder="Carer Contact Phone"
          value=""
/>,
        <button
          className="signup-submit-btn"
          disabled={true}
          onClick={[Function]}
>
          Submit
</button>,
      ],
      "className": "signup-form",
    },
    "ref": null,
    "rendered": Array [
      Object {
        "instance": null,
        "key": undefined,
        "nodeType": "host",
        "props": Object {
          "className": "signup-first-name signup-input",
          "name": "firstName",
          "onChange": [Function],
          "placeholder": "First Name",
          "value": "",
        },
        "ref": null,
        "rendered": null,
        "type": "input",
      },
      Object {
        "instance": null,
        "key": undefined,
        "nodeType": "host",
        "props": Object {
          "className": "signup-last-name, signup-input",
          "name": "lastName",
          "onChange": [Function],
          "placeholder": "Last Name",
          "value": "",
        },
        "ref": null,
        "rendered": null,
        "type": "input",
      },
      Object {
        "instance": null,
        "key": undefined,
        "nodeType": "host",
        "props": Object {
          "className": "signup-email-address signup-input",
          "name": "email",
          "onChange": [Function],
          "placeholder": "Email Address",
          "value": "",
        },
        "ref": null,
        "rendered": null,
        "type": "input",
      },
      Object {
        "instance": null,
        "key": undefined,
        "nodeType": "host",
        "props": Object {
          "className": "signup-password signup-input",
          "name": "password",
          "onChange": [Function],
          "placeholder": "Password",
          "value": "",
        },
        "ref": null,
        "rendered": null,
        "type": "input",
      },
      Object {
        "instance": null,
        "key": undefined,
        "nodeType": "host",
        "props": Object {
          "children": Array [
            <input
              className="signup-phoneNumber signup-input"
              name="phoneNumber"
              onChange={[Function]}
              placeholder="Phone Number"
              style={
                            Object {
                                          "marginLeft": "0px",
                                        }
              }
              value=""
/>,
            <button
              className="phone-test-btn"
              isDisabled={true}
              onClick={[Function]}
>
              Test
</button>,
          ],
          "className": "signup-phone-section",
        },
        "ref": null,
        "rendered": Array [
          Object {
            "instance": null,
            "key": undefined,
            "nodeType": "host",
            "props": Object {
              "className": "signup-phoneNumber signup-input",
              "name": "phoneNumber",
              "onChange": [Function],
              "placeholder": "Phone Number",
              "style": Object {
                "marginLeft": "0px",
              },
              "value": "",
            },
            "ref": null,
            "rendered": null,
            "type": "input",
          },
          Object {
            "instance": null,
            "key": undefined,
            "nodeType": "host",
            "props": Object {
              "children": "Test",
              "className": "phone-test-btn",
              "isDisabled": true,
              "onClick": [Function],
            },
            "ref": null,
            "rendered": "Test",
            "type": "button",
          },
        ],
        "type": "section",
      },
      Object {
        "instance": null,
        "key": undefined,
        "nodeType": "host",
        "props": Object {
          "className": "signup-carer-name signup-input",
          "name": "contactName",
          "onChange": [Function],
          "placeholder": "Carer Contact Name",
          "value": "",
        },
        "ref": null,
        "rendered": null,
        "type": "input",
      },
      Object {
        "instance": null,
        "key": undefined,
        "nodeType": "host",
        "props": Object {
          "className": "signup-carer-phone signup-input",
          "name": "contactPhone",
          "onChange": [Function],
          "placeholder": "Carer Contact Phone",
          "value": "",
        },
        "ref": null,
        "rendered": null,
        "type": "input",
      },
      Object {
        "instance": null,
        "key": undefined,
        "nodeType": "host",
        "props": Object {
          "children": "Submit",
          "className": "signup-submit-btn",
          "disabled": true,
          "onClick": [Function],
        },
        "ref": null,
        "rendered": "Submit",
        "type": "button",
      },
    ],
    "type": "form",
  },
  Symbol(enzyme.__nodes__): Array [
    Object {
      "instance": null,
      "key": undefined,
      "nodeType": "host",
      "props": Object {
        "children": Array [
          <input
            className="signup-first-name signup-input"
            name="firstName"
            onChange={[Function]}
            placeholder="First Name"
            value=""
/>,
          <input
            className="signup-last-name, signup-input"
            name="lastName"
            onChange={[Function]}
            placeholder="Last Name"
            value=""
/>,
          <input
            className="signup-email-address signup-input"
            name="email"
            onChange={[Function]}
            placeholder="Email Address"
            value=""
/>,
          <input
            className="signup-password signup-input"
            name="password"
            onChange={[Function]}
            placeholder="Password"
            value=""
/>,
          <section
            className="signup-phone-section"
>
            <input
                        className="signup-phoneNumber signup-input"
                        name="phoneNumber"
                        onChange={[Function]}
                        placeholder="Phone Number"
                        style={
                                    Object {
                                                "marginLeft": "0px",
                                              }
                        }
                        value=""
            />
            <button
                        className="phone-test-btn"
                        isDisabled={true}
                        onClick={[Function]}
            >
                        Test
            </button>
</section>,
          <input
            className="signup-carer-name signup-input"
            name="contactName"
            onChange={[Function]}
            placeholder="Carer Contact Name"
            value=""
/>,
          <input
            className="signup-carer-phone signup-input"
            name="contactPhone"
            onChange={[Function]}
            placeholder="Carer Contact Phone"
            value=""
/>,
          <button
            className="signup-submit-btn"
            disabled={true}
            onClick={[Function]}
>
            Submit
</button>,
        ],
        "className": "signup-form",
      },
      "ref": null,
      "rendered": Array [
        Object {
          "instance": null,
          "key": undefined,
          "nodeType": "host",
          "props": Object {
            "className": "signup-first-name signup-input",
            "name": "firstName",
            "onChange": [Function],
            "placeholder": "First Name",
            "value": "",
          },
          "ref": null,
          "rendered": null,
          "type": "input",
        },
        Object {
          "instance": null,
          "key": undefined,
          "nodeType": "host",
          "props": Object {
            "className": "signup-last-name, signup-input",
            "name": "lastName",
            "onChange": [Function],
            "placeholder": "Last Name",
            "value": "",
          },
          "ref": null,
          "rendered": null,
          "type": "input",
        },
        Object {
          "instance": null,
          "key": undefined,
          "nodeType": "host",
          "props": Object {
            "className": "signup-email-address signup-input",
            "name": "email",
            "onChange": [Function],
            "placeholder": "Email Address",
            "value": "",
          },
          "ref": null,
          "rendered": null,
          "type": "input",
        },
        Object {
          "instance": null,
          "key": undefined,
          "nodeType": "host",
          "props": Object {
            "className": "signup-password signup-input",
            "name": "password",
            "onChange": [Function],
            "placeholder": "Password",
            "value": "",
          },
          "ref": null,
          "rendered": null,
          "type": "input",
        },
        Object {
          "instance": null,
          "key": undefined,
          "nodeType": "host",
          "props": Object {
            "children": Array [
              <input
                className="signup-phoneNumber signup-input"
                name="phoneNumber"
                onChange={[Function]}
                placeholder="Phone Number"
                style={
                                Object {
                                                "marginLeft": "0px",
                                              }
                }
                value=""
/>,
              <button
                className="phone-test-btn"
                isDisabled={true}
                onClick={[Function]}
>
                Test
</button>,
            ],
            "className": "signup-phone-section",
          },
          "ref": null,
          "rendered": Array [
            Object {
              "instance": null,
              "key": undefined,
              "nodeType": "host",
              "props": Object {
                "className": "signup-phoneNumber signup-input",
                "name": "phoneNumber",
                "onChange": [Function],
                "placeholder": "Phone Number",
                "style": Object {
                  "marginLeft": "0px",
                },
                "value": "",
              },
              "ref": null,
              "rendered": null,
              "type": "input",
            },
            Object {
              "instance": null,
              "key": undefined,
              "nodeType": "host",
              "props": Object {
                "children": "Test",
                "className": "phone-test-btn",
                "isDisabled": true,
                "onClick": [Function],
              },
              "ref": null,
              "rendered": "Test",
              "type": "button",
            },
          ],
          "type": "section",
        },
        Object {
          "instance": null,
          "key": undefined,
          "nodeType": "host",
          "props": Object {
            "className": "signup-carer-name signup-input",
            "name": "contactName",
            "onChange": [Function],
            "placeholder": "Carer Contact Name",
            "value": "",
          },
          "ref": null,
          "rendered": null,
          "type": "input",
        },
        Object {
          "instance": null,
          "key": undefined,
          "nodeType": "host",
          "props": Object {
            "className": "signup-carer-phone signup-input",
            "name": "contactPhone",
            "onChange": [Function],
            "placeholder": "Carer Contact Phone",
            "value": "",
          },
          "ref": null,
          "rendered": null,
          "type": "input",
        },
        Object {
          "instance": null,
          "key": undefined,
          "nodeType": "host",
          "props": Object {
            "children": "Submit",
            "className": "signup-submit-btn",
            "disabled": true,
            "onClick": [Function],
          },
          "ref": null,
          "rendered": "Submit",
          "type": "button",
        },
      ],
      "type": "form",
    },
  ],
  Symbol(enzyme.__options__): Object {
    "adapter": ReactSixteenAdapter {
      "options": Object {
        "enableComponentDidUpdateOnSetState": true,
        "lifecycles": Object {
          "componentDidUpdate": Object {
            "onSetState": true,
          },
          "getDerivedStateFromProps": true,
          "getSnapshotBeforeUpdate": true,
          "setState": Object {
            "skipsComponentDidUpdateOnNullish": true,
          },
        },
      },
    },
    "attachTo": undefined,
    "hydrateIn": undefined,
  },
}
`;
